[2025-08-15T02:41:28.541+0000][gc] Using G1
[2025-08-15T02:41:28.545+0000][gc,init] Version: 17.0.15+6-alpine-r0 (release)
[2025-08-15T02:41:28.545+0000][gc,init] CPUs: 12 total, 12 available
[2025-08-15T02:41:28.545+0000][gc,init] Memory: 31932M
[2025-08-15T02:41:28.545+0000][gc,init] Large Page Support: Disabled
[2025-08-15T02:41:28.545+0000][gc,init] NUMA Support: Disabled
[2025-08-15T02:41:28.545+0000][gc,init] Compressed Oops: Enabled (32-bit)
[2025-08-15T02:41:28.545+0000][gc,init] Heap Region Size: 1M
[2025-08-15T02:41:28.545+0000][gc,init] Heap Min Capacity: 1G
[2025-08-15T02:41:28.545+0000][gc,init] Heap Initial Capacity: 1G
[2025-08-15T02:41:28.545+0000][gc,init] Heap Max Capacity: 1G
[2025-08-15T02:41:28.545+0000][gc,init] Pre-touch: Disabled
[2025-08-15T02:41:28.545+0000][gc,init] Parallel Workers: 10
[2025-08-15T02:41:28.545+0000][gc,init] Concurrent Workers: 3
[2025-08-15T02:41:28.545+0000][gc,init] Concurrent Refinement Workers: 10
[2025-08-15T02:41:28.545+0000][gc,init] Periodic GC: Disabled
[2025-08-15T02:41:28.550+0000][gc,metaspace] CDS archive(s) mapped at: [0x00007ff2a4000000-0x00007ff2a4bc9000-0x00007ff2a4bc9000), size 12357632, SharedBaseAddress: 0x00007ff2a4000000, ArchiveRelocationMode: 1.
[2025-08-15T02:41:28.550+0000][gc,metaspace] Compressed class space mapped at: 0x00007ff2a5000000-0x00007ff2e5000000, reserved size: 1073741824
[2025-08-15T02:41:28.550+0000][gc,metaspace] Narrow klass base: 0x00007ff2a4000000, Narrow klass shift: 0, Narrow klass range: 0x100000000
[2025-08-15T02:41:30.761+0000][gc,start    ] GC(0) Pause Young (Normal) (G1 Evacuation Pause)
[2025-08-15T02:41:30.761+0000][gc,task     ] GC(0) Using 10 workers of 10 for evacuation
[2025-08-15T02:41:30.779+0000][gc,phases   ] GC(0)   Pre Evacuate Collection Set: 0.1ms
[2025-08-15T02:41:30.779+0000][gc,phases   ] GC(0)   Merge Heap Roots: 0.1ms
[2025-08-15T02:41:30.779+0000][gc,phases   ] GC(0)   Evacuate Collection Set: 15.9ms
[2025-08-15T02:41:30.779+0000][gc,phases   ] GC(0)   Post Evacuate Collection Set: 1.5ms
[2025-08-15T02:41:30.779+0000][gc,phases   ] GC(0)   Other: 0.7ms
[2025-08-15T02:41:30.779+0000][gc,heap     ] GC(0) Eden regions: 512->0(474)
[2025-08-15T02:41:30.779+0000][gc,heap     ] GC(0) Survivor regions: 0->38(64)
[2025-08-15T02:41:30.779+0000][gc,heap     ] GC(0) Old regions: 0->0
[2025-08-15T02:41:30.779+0000][gc,heap     ] GC(0) Archive regions: 2->2
[2025-08-15T02:41:30.779+0000][gc,heap     ] GC(0) Humongous regions: 0->0
[2025-08-15T02:41:30.779+0000][gc,metaspace] GC(0) Metaspace: 21104K(21504K)->21104K(21504K) NonClass: 18484K(18688K)->18484K(18688K) Class: 2620K(2816K)->2620K(2816K)
[2025-08-15T02:41:30.779+0000][gc          ] GC(0) Pause Young (Normal) (G1 Evacuation Pause) 512M->38M(1024M) 18.431ms
[2025-08-15T02:41:30.779+0000][gc,cpu      ] GC(0) User=0.15s Sys=0.03s Real=0.02s
[2025-08-15T02:41:30.803+0000][gc,start    ] GC(1) Pause Young (Concurrent Start) (Metadata GC Threshold)
[2025-08-15T02:41:30.803+0000][gc,task     ] GC(1) Using 10 workers of 10 for evacuation
[2025-08-15T02:41:30.832+0000][gc,phases   ] GC(1)   Pre Evacuate Collection Set: 0.1ms
[2025-08-15T02:41:30.832+0000][gc,phases   ] GC(1)   Merge Heap Roots: 0.0ms
[2025-08-15T02:41:30.832+0000][gc,phases   ] GC(1)   Evacuate Collection Set: 27.5ms
[2025-08-15T02:41:30.832+0000][gc,phases   ] GC(1)   Post Evacuate Collection Set: 0.6ms
[2025-08-15T02:41:30.832+0000][gc,phases   ] GC(1)   Other: 0.2ms
[2025-08-15T02:41:30.832+0000][gc,heap     ] GC(1) Eden regions: 6->0(508)
[2025-08-15T02:41:30.832+0000][gc,heap     ] GC(1) Survivor regions: 38->4(64)
[2025-08-15T02:41:30.832+0000][gc,heap     ] GC(1) Old regions: 0->38
[2025-08-15T02:41:30.832+0000][gc,heap     ] GC(1) Archive regions: 2->2
[2025-08-15T02:41:30.832+0000][gc,heap     ] GC(1) Humongous regions: 0->0
[2025-08-15T02:41:30.832+0000][gc,metaspace] GC(1) Metaspace: 21147K(21504K)->21147K(21504K) NonClass: 18523K(18688K)->18523K(18688K) Class: 2623K(2816K)->2623K(2816K)
[2025-08-15T02:41:30.832+0000][gc          ] GC(1) Pause Young (Concurrent Start) (Metadata GC Threshold) 44M->42M(1024M) 28.453ms
[2025-08-15T02:41:30.832+0000][gc,cpu      ] GC(1) User=0.15s Sys=0.13s Real=0.03s
[2025-08-15T02:41:30.832+0000][gc          ] GC(2) Concurrent Mark Cycle
[2025-08-15T02:41:30.832+0000][gc,marking  ] GC(2) Concurrent Clear Claimed Marks
[2025-08-15T02:41:30.832+0000][gc,marking  ] GC(2) Concurrent Clear Claimed Marks 0.032ms
[2025-08-15T02:41:30.832+0000][gc,marking  ] GC(2) Concurrent Scan Root Regions
[2025-08-15T02:41:30.839+0000][gc,marking  ] GC(2) Concurrent Scan Root Regions 7.363ms
[2025-08-15T02:41:30.839+0000][gc,marking  ] GC(2) Concurrent Mark
[2025-08-15T02:41:30.839+0000][gc,marking  ] GC(2) Concurrent Mark From Roots
[2025-08-15T02:41:30.839+0000][gc,task     ] GC(2) Using 3 workers of 3 for marking
[2025-08-15T02:41:30.840+0000][gc,marking  ] GC(2) Concurrent Mark From Roots 1.311ms
[2025-08-15T02:41:30.840+0000][gc,marking  ] GC(2) Concurrent Preclean
[2025-08-15T02:41:30.841+0000][gc,marking  ] GC(2) Concurrent Preclean 0.061ms
[2025-08-15T02:41:30.841+0000][gc,start    ] GC(2) Pause Remark
[2025-08-15T02:41:30.842+0000][gc          ] GC(2) Pause Remark 43M->43M(1024M) 1.748ms
[2025-08-15T02:41:30.842+0000][gc,cpu      ] GC(2) User=0.01s Sys=0.00s Real=0.00s
[2025-08-15T02:41:30.842+0000][gc,marking  ] GC(2) Concurrent Mark 3.322ms
[2025-08-15T02:41:30.842+0000][gc,marking  ] GC(2) Concurrent Rebuild Remembered Sets
[2025-08-15T02:41:30.849+0000][gc,marking  ] GC(2) Concurrent Rebuild Remembered Sets 6.898ms
[2025-08-15T02:41:30.849+0000][gc,start    ] GC(2) Pause Cleanup
[2025-08-15T02:41:30.850+0000][gc          ] GC(2) Pause Cleanup 45M->45M(1024M) 0.132ms
[2025-08-15T02:41:30.850+0000][gc,cpu      ] GC(2) User=0.00s Sys=0.00s Real=0.00s
[2025-08-15T02:41:30.850+0000][gc,marking  ] GC(2) Concurrent Cleanup for Next Mark
[2025-08-15T02:41:30.851+0000][gc,marking  ] GC(2) Concurrent Cleanup for Next Mark 1.456ms
[2025-08-15T02:41:30.851+0000][gc          ] GC(2) Concurrent Mark Cycle 19.490ms
[2025-08-15T02:41:32.137+0000][gc,start    ] GC(3) Pause Young (Concurrent Start) (Metadata GC Threshold)
[2025-08-15T02:41:32.138+0000][gc,task     ] GC(3) Using 10 workers of 10 for evacuation
[2025-08-15T02:41:32.142+0000][gc,phases   ] GC(3)   Pre Evacuate Collection Set: 0.1ms
[2025-08-15T02:41:32.142+0000][gc,phases   ] GC(3)   Merge Heap Roots: 0.1ms
[2025-08-15T02:41:32.142+0000][gc,phases   ] GC(3)   Evacuate Collection Set: 3.4ms
[2025-08-15T02:41:32.142+0000][gc,phases   ] GC(3)   Post Evacuate Collection Set: 0.5ms
[2025-08-15T02:41:32.142+0000][gc,phases   ] GC(3)   Other: 0.2ms
[2025-08-15T02:41:32.142+0000][gc,heap     ] GC(3) Eden regions: 248->0(503)
[2025-08-15T02:41:32.142+0000][gc,heap     ] GC(3) Survivor regions: 4->9(64)
[2025-08-15T02:41:32.142+0000][gc,heap     ] GC(3) Old regions: 38->38
[2025-08-15T02:41:32.142+0000][gc,heap     ] GC(3) Archive regions: 2->2
[2025-08-15T02:41:32.142+0000][gc,heap     ] GC(3) Humongous regions: 0->0
[2025-08-15T02:41:32.142+0000][gc,metaspace] GC(3) Metaspace: 35546K(35968K)->35546K(35968K) NonClass: 31114K(31296K)->31114K(31296K) Class: 4432K(4672K)->4432K(4672K)
[2025-08-15T02:41:32.142+0000][gc          ] GC(3) Pause Young (Concurrent Start) (Metadata GC Threshold) 290M->46M(1024M) 4.287ms
[2025-08-15T02:41:32.142+0000][gc,cpu      ] GC(3) User=0.04s Sys=0.00s Real=0.00s
[2025-08-15T02:41:32.142+0000][gc          ] GC(4) Concurrent Mark Cycle
[2025-08-15T02:41:32.142+0000][gc,marking  ] GC(4) Concurrent Clear Claimed Marks
[2025-08-15T02:41:32.142+0000][gc,marking  ] GC(4) Concurrent Clear Claimed Marks 0.025ms
[2025-08-15T02:41:32.142+0000][gc,marking  ] GC(4) Concurrent Scan Root Regions
[2025-08-15T02:41:32.144+0000][gc,marking  ] GC(4) Concurrent Scan Root Regions 2.343ms
[2025-08-15T02:41:32.144+0000][gc,marking  ] GC(4) Concurrent Mark
[2025-08-15T02:41:32.144+0000][gc,marking  ] GC(4) Concurrent Mark From Roots
[2025-08-15T02:41:32.144+0000][gc,task     ] GC(4) Using 3 workers of 3 for marking
[2025-08-15T02:41:32.161+0000][gc,marking  ] GC(4) Concurrent Mark From Roots 16.473ms
[2025-08-15T02:41:32.161+0000][gc,marking  ] GC(4) Concurrent Preclean
[2025-08-15T02:41:32.161+0000][gc,marking  ] GC(4) Concurrent Preclean 0.128ms
[2025-08-15T02:41:32.161+0000][gc,start    ] GC(4) Pause Remark
[2025-08-15T02:41:32.162+0000][gc          ] GC(4) Pause Remark 49M->49M(1024M) 1.378ms
[2025-08-15T02:41:32.162+0000][gc,cpu      ] GC(4) User=0.00s Sys=0.00s Real=0.00s
[2025-08-15T02:41:32.162+0000][gc,marking  ] GC(4) Concurrent Mark 18.094ms
[2025-08-15T02:41:32.162+0000][gc,marking  ] GC(4) Concurrent Rebuild Remembered Sets
[2025-08-15T02:41:32.171+0000][gc,marking  ] GC(4) Concurrent Rebuild Remembered Sets 8.763ms
[2025-08-15T02:41:32.171+0000][gc,start    ] GC(4) Pause Cleanup
[2025-08-15T02:41:32.172+0000][gc          ] GC(4) Pause Cleanup 50M->50M(1024M) 0.144ms
[2025-08-15T02:41:32.172+0000][gc,cpu      ] GC(4) User=0.00s Sys=0.00s Real=0.00s
[2025-08-15T02:41:32.172+0000][gc,marking  ] GC(4) Concurrent Cleanup for Next Mark
[2025-08-15T02:41:32.174+0000][gc,marking  ] GC(4) Concurrent Cleanup for Next Mark 2.304ms
[2025-08-15T02:41:32.174+0000][gc          ] GC(4) Concurrent Mark Cycle 32.131ms
[2025-08-15T02:41:34.327+0000][gc,start    ] GC(5) Pause Young (Concurrent Start) (Metadata GC Threshold)
[2025-08-15T02:41:34.327+0000][gc,task     ] GC(5) Using 10 workers of 10 for evacuation
[2025-08-15T02:41:34.336+0000][gc,phases   ] GC(5)   Pre Evacuate Collection Set: 0.2ms
[2025-08-15T02:41:34.336+0000][gc,phases   ] GC(5)   Merge Heap Roots: 0.1ms
[2025-08-15T02:41:34.336+0000][gc,phases   ] GC(5)   Evacuate Collection Set: 7.7ms
[2025-08-15T02:41:34.336+0000][gc,phases   ] GC(5)   Post Evacuate Collection Set: 0.9ms
[2025-08-15T02:41:34.336+0000][gc,phases   ] GC(5)   Other: 0.2ms
[2025-08-15T02:41:34.336+0000][gc,heap     ] GC(5) Eden regions: 306->0(490)
[2025-08-15T02:41:34.336+0000][gc,heap     ] GC(5) Survivor regions: 9->22(64)
[2025-08-15T02:41:34.336+0000][gc,heap     ] GC(5) Old regions: 38->38
[2025-08-15T02:41:34.336+0000][gc,heap     ] GC(5) Archive regions: 2->2
[2025-08-15T02:41:34.336+0000][gc,heap     ] GC(5) Humongous regions: 0->0
[2025-08-15T02:41:34.336+0000][gc,metaspace] GC(5) Metaspace: 59706K(60160K)->59706K(60160K) NonClass: 52455K(52672K)->52455K(52672K) Class: 7250K(7488K)->7250K(7488K)
[2025-08-15T02:41:34.336+0000][gc          ] GC(5) Pause Young (Concurrent Start) (Metadata GC Threshold) 352M->60M(1024M) 9.125ms
[2025-08-15T02:41:34.336+0000][gc,cpu      ] GC(5) User=0.08s Sys=0.00s Real=0.01s
[2025-08-15T02:41:34.336+0000][gc          ] GC(6) Concurrent Mark Cycle
[2025-08-15T02:41:34.336+0000][gc,marking  ] GC(6) Concurrent Clear Claimed Marks
[2025-08-15T02:41:34.336+0000][gc,marking  ] GC(6) Concurrent Clear Claimed Marks 0.040ms
[2025-08-15T02:41:34.336+0000][gc,marking  ] GC(6) Concurrent Scan Root Regions
[2025-08-15T02:41:34.341+0000][gc,marking  ] GC(6) Concurrent Scan Root Regions 4.564ms
[2025-08-15T02:41:34.341+0000][gc,marking  ] GC(6) Concurrent Mark
[2025-08-15T02:41:34.341+0000][gc,marking  ] GC(6) Concurrent Mark From Roots
[2025-08-15T02:41:34.341+0000][gc,task     ] GC(6) Using 3 workers of 3 for marking
[2025-08-15T02:41:34.358+0000][gc,marking  ] GC(6) Concurrent Mark From Roots 16.737ms
[2025-08-15T02:41:34.358+0000][gc,marking  ] GC(6) Concurrent Preclean
[2025-08-15T02:41:34.358+0000][gc,marking  ] GC(6) Concurrent Preclean 0.159ms
[2025-08-15T02:41:34.358+0000][gc,start    ] GC(6) Pause Remark
[2025-08-15T02:41:34.360+0000][gc          ] GC(6) Pause Remark 62M->62M(1024M) 2.384ms
[2025-08-15T02:41:34.360+0000][gc,cpu      ] GC(6) User=0.02s Sys=0.00s Real=0.00s
[2025-08-15T02:41:34.360+0000][gc,marking  ] GC(6) Concurrent Mark 19.518ms
[2025-08-15T02:41:34.360+0000][gc,marking  ] GC(6) Concurrent Rebuild Remembered Sets
[2025-08-15T02:41:34.368+0000][gc,marking  ] GC(6) Concurrent Rebuild Remembered Sets 7.610ms
[2025-08-15T02:41:34.368+0000][gc,start    ] GC(6) Pause Cleanup
[2025-08-15T02:41:34.368+0000][gc          ] GC(6) Pause Cleanup 62M->62M(1024M) 0.129ms
[2025-08-15T02:41:34.368+0000][gc,cpu      ] GC(6) User=0.00s Sys=0.00s Real=0.00s
[2025-08-15T02:41:34.368+0000][gc,marking  ] GC(6) Concurrent Cleanup for Next Mark
[2025-08-15T02:41:34.369+0000][gc,marking  ] GC(6) Concurrent Cleanup for Next Mark 0.558ms
[2025-08-15T02:41:34.369+0000][gc          ] GC(6) Concurrent Mark Cycle 32.707ms
[2025-08-15T02:41:36.110+0000][gc,start    ] GC(7) Pause Young (Concurrent Start) (G1 Evacuation Pause)
[2025-08-15T02:41:36.110+0000][gc,task     ] GC(7) Using 10 workers of 10 for evacuation
[2025-08-15T02:41:36.123+0000][gc,phases   ] GC(7)   Pre Evacuate Collection Set: 0.2ms
[2025-08-15T02:41:36.124+0000][gc,phases   ] GC(7)   Merge Heap Roots: 0.1ms
[2025-08-15T02:41:36.124+0000][gc,phases   ] GC(7)   Evacuate Collection Set: 12.4ms
[2025-08-15T02:41:36.124+0000][gc,phases   ] GC(7)   Post Evacuate Collection Set: 1.0ms
[2025-08-15T02:41:36.124+0000][gc,phases   ] GC(7)   Other: 0.2ms
[2025-08-15T02:41:36.124+0000][gc,heap     ] GC(7) Eden regions: 490->0(462)
[2025-08-15T02:41:36.124+0000][gc,heap     ] GC(7) Survivor regions: 22->50(64)
[2025-08-15T02:41:36.124+0000][gc,heap     ] GC(7) Old regions: 38->38
[2025-08-15T02:41:36.124+0000][gc,heap     ] GC(7) Archive regions: 2->2
[2025-08-15T02:41:36.124+0000][gc,heap     ] GC(7) Humongous regions: 1->0
[2025-08-15T02:41:36.124+0000][gc,metaspace] GC(7) Metaspace: 73093K(73728K)->73093K(73728K) NonClass: 64018K(64384K)->64018K(64384K) Class: 9074K(9344K)->9074K(9344K)
[2025-08-15T02:41:36.124+0000][gc          ] GC(7) Pause Young (Concurrent Start) (G1 Evacuation Pause) 551M->88M(1024M) 13.966ms
[2025-08-15T02:41:36.124+0000][gc,cpu      ] GC(7) User=0.12s Sys=0.01s Real=0.01s
[2025-08-15T02:41:36.124+0000][gc          ] GC(8) Concurrent Mark Cycle
[2025-08-15T02:41:36.124+0000][gc,marking  ] GC(8) Concurrent Clear Claimed Marks
[2025-08-15T02:41:36.124+0000][gc,marking  ] GC(8) Concurrent Clear Claimed Marks 0.054ms
[2025-08-15T02:41:36.124+0000][gc,marking  ] GC(8) Concurrent Scan Root Regions
[2025-08-15T02:41:36.133+0000][gc,marking  ] GC(8) Concurrent Scan Root Regions 9.058ms
[2025-08-15T02:41:36.133+0000][gc,marking  ] GC(8) Concurrent Mark
[2025-08-15T02:41:36.133+0000][gc,marking  ] GC(8) Concurrent Mark From Roots
[2025-08-15T02:41:36.133+0000][gc,task     ] GC(8) Using 3 workers of 3 for marking
[2025-08-15T02:41:36.154+0000][gc,marking  ] GC(8) Concurrent Mark From Roots 21.446ms
[2025-08-15T02:41:36.154+0000][gc,marking  ] GC(8) Concurrent Preclean
[2025-08-15T02:41:36.154+0000][gc,marking  ] GC(8) Concurrent Preclean 0.190ms
[2025-08-15T02:41:36.155+0000][gc,start    ] GC(8) Pause Remark
[2025-08-15T02:41:36.157+0000][gc          ] GC(8) Pause Remark 106M->106M(1024M) 2.135ms
[2025-08-15T02:41:36.157+0000][gc,cpu      ] GC(8) User=0.02s Sys=0.00s Real=0.00s
[2025-08-15T02:41:36.157+0000][gc,marking  ] GC(8) Concurrent Mark 23.989ms
[2025-08-15T02:41:36.157+0000][gc,marking  ] GC(8) Concurrent Rebuild Remembered Sets
[2025-08-15T02:41:36.165+0000][gc,marking  ] GC(8) Concurrent Rebuild Remembered Sets 8.271ms
[2025-08-15T02:41:36.165+0000][gc,start    ] GC(8) Pause Cleanup
[2025-08-15T02:41:36.165+0000][gc          ] GC(8) Pause Cleanup 111M->111M(1024M) 0.090ms
[2025-08-15T02:41:36.165+0000][gc,cpu      ] GC(8) User=0.00s Sys=0.00s Real=0.00s
[2025-08-15T02:41:36.165+0000][gc,marking  ] GC(8) Concurrent Cleanup for Next Mark
[2025-08-15T02:41:36.166+0000][gc,marking  ] GC(8) Concurrent Cleanup for Next Mark 0.866ms
[2025-08-15T02:41:36.166+0000][gc          ] GC(8) Concurrent Mark Cycle 42.595ms
[2025-08-15T02:41:37.642+0000][gc,start    ] GC(9) Pause Young (Normal) (G1 Evacuation Pause)
[2025-08-15T02:41:37.642+0000][gc,task     ] GC(9) Using 10 workers of 10 for evacuation
[2025-08-15T02:41:37.667+0000][gc,phases   ] GC(9)   Pre Evacuate Collection Set: 0.1ms
[2025-08-15T02:41:37.667+0000][gc,phases   ] GC(9)   Merge Heap Roots: 0.1ms
[2025-08-15T02:41:37.667+0000][gc,phases   ] GC(9)   Evacuate Collection Set: 23.1ms
[2025-08-15T02:41:37.667+0000][gc,phases   ] GC(9)   Post Evacuate Collection Set: 1.3ms
[2025-08-15T02:41:37.667+0000][gc,phases   ] GC(9)   Other: 0.2ms
[2025-08-15T02:41:37.667+0000][gc,heap     ] GC(9) Eden regions: 462->0(452)
[2025-08-15T02:41:37.667+0000][gc,heap     ] GC(9) Survivor regions: 50->60(64)
[2025-08-15T02:41:37.667+0000][gc,heap     ] GC(9) Old regions: 38->57
[2025-08-15T02:41:37.667+0000][gc,heap     ] GC(9) Archive regions: 2->2
[2025-08-15T02:41:37.667+0000][gc,heap     ] GC(9) Humongous regions: 0->0
[2025-08-15T02:41:37.667+0000][gc,metaspace] GC(9) Metaspace: 80763K(81408K)->80763K(81408K) NonClass: 70719K(71040K)->70719K(71040K) Class: 10043K(10368K)->10043K(10368K)
[2025-08-15T02:41:37.667+0000][gc          ] GC(9) Pause Young (Normal) (G1 Evacuation Pause) 550M->117M(1024M) 24.859ms
[2025-08-15T02:41:37.667+0000][gc,cpu      ] GC(9) User=0.21s Sys=0.02s Real=0.03s
[2025-08-15T02:48:55.494+0000][gc,heap,exit] Heap
[2025-08-15T02:48:55.494+0000][gc,heap,exit]  garbage-first heap   total 1048576K, used 497440K [0x00000000c0000000, 0x0000000100000000)
[2025-08-15T02:48:55.494+0000][gc,heap,exit]   region size 1024K, 429 young (439296K), 60 survivors (61440K)
[2025-08-15T02:48:55.494+0000][gc,heap,exit]  Metaspace       used 86605K, committed 87296K, reserved 1179648K
[2025-08-15T02:48:55.494+0000][gc,heap,exit]   class space    used 10538K, committed 10880K, reserved 1048576K
